// Jest Snapshot v1, https://goo.gl/fbAQLP

exports[`Loading renders as expected 1`] = `
<img
  alt="loading"
  src="test-file-stub"
/>
`;
