// Jest Snapshot v1, https://goo.gl/fbAQLP

exports[`Fire 1`] = `
<div>
  Hello fire route! ðŸ˜Ž
  <hr />
  <span>
    0
  </span>
  <button
    onClick={[Function]}
  >
    Increment
  </button>
  <button
    onClick={[Function]}
  >
    Decrease
  </button>
</div>
`;
